_clrscr...........conio             _cursoroff........conio
_cursoron.........conio             _delay............conio
_drawline.........conio             _getch............conio
_getchar..........stdio             _getche...........conio
_gets.............stdio             _gotoxy...........conio
_isalnum..........ctype             _isalpha..........ctype
_iscntrl..........ctype             _isdigit..........ctype
_isgraph..........ctype             _islower..........ctype
_isprint..........ctype             _ispunct..........ctype
_isspace..........ctype             _isupper..........ctype
_isxdigit.........ctype             _newline..........conio
_printf...........stdio             _putchar..........stdio
_puts.............stdio             _scanf............stdio
_setbackground....conio             _setcursortype....conio
_strcmp...........string            _strncmp..........string
_tolower..........ctype             _toupper..........ctype
_wherex...........conio             _wherey...........conio


stdio             Offset: 00000010H  Code and data size: 186H
  _getchar          _gets             _printf           _putchar
  _puts             _scanf          

ctype             Offset: 00000250H  Code and data size: 2d0H
  _isalnum          _isalpha          _iscntrl          _isdigit
  _isgraph          _islower          _isprint          _ispunct
  _isspace          _isupper          _isxdigit         _tolower
  _toupper        

conio             Offset: 00000640H  Code and data size: e4H
  _clrscr           _cursoroff        _cursoron         _delay
  _drawline         _getch            _getche           _gotoxy
  _newline          _setbackground    _setcursortype    _wherex
  _wherey         

string            Offset: 00000840H  Code and data size: 80H
  _strcmp           _strncmp        
