Microsoft (R) Macro Assembler Version 6.15.8803		    08/20/17 21:28:40
src\kernel.asm						     Page 1 - 1


				; ------------------------------------------------------------------
				.model tiny, C
				.386
				include libc.inc						; Include library headers
			      C include stdio.inc
			      C .NOLIST
			      C .LIST
			      C 
			      C include string.inc
			      C .NOLIST
			      C .LIST
			      C 
			      C include ctype.inc
			      C .NOLIST
			      C .LIST
			      C 
			      C include conio.inc
			      C .NOLIST
			      C .LIST
			      C 
			      C include assert.inc
			      C .NOLIST
			      C .LIST
			      C 
			      C include stdbool.inc
			      C .NOLIST
			      C .LIST
			      C 
			      C 
 0000				.data							; Data segment
 0000 00			BootDrive db  0					; Store bootdrive number
 0000				.code							; Start of code segment
				; ------------------------------------------------------------------

 0000				start PROC
 0000  FA			    cli					; Clear interrupts
 0001  B8 0000			    mov	ax, 0
 0004  8E D0			    mov	ss, ax				; Set stack pointer
 0006  BC FFFF			    mov	sp, 0FFFFh
 0009  FB			    sti					; Restore interrupts

 000A  B8 2000			    mov	ax, 2000h			; Set segments to match where the kernel loaded
 000D  8E D8			    mov	ds, ax
 000F  8E C0			    mov	es, ax

 0011  88 16 0000 R		    mov [BootDrive], dl			; Save the boot drive number
 0015  C3			    ret				; Halt the system
 0016				start ENDp
				END
Microsoft (R) Macro Assembler Version 6.15.8803		    08/20/17 21:28:40
src\kernel.asm						     Symbols 2 - 1




Segments and Groups:

                N a m e                 Size     Length   Align   Combine Class

DGROUP . . . . . . . . . . . . .	GROUP
_TEXT  . . . . . . . . . . . . .	16 Bit	 0016	  Word	  Public  'CODE'	
_DATA  . . . . . . . . . . . . .	16 Bit	 0001	  Word	  Public  'DATA'	


Procedures,  parameters and locals:

                N a m e                 Type     Value    Attr

_assert  . . . . . . . . . . . .	P Near	 0000	  Length= 0000 External C
clrscr . . . . . . . . . . . . .	P Near	 0000	  Length= 0000 External C
cprintf  . . . . . . . . . . . .	P Near	 0000	  Length= 0000 External C
cputsxy  . . . . . . . . . . . .	P Near	 0000	  Length= 0000 External C
cputs  . . . . . . . . . . . . .	P Near	 0000	  Length= 0000 External C
cscanf . . . . . . . . . . . . .	P Near	 0000	  Length= 0000 External C
cursoroff  . . . . . . . . . . .	P Near	 0000	  Length= 0000 External C
cursoron . . . . . . . . . . . .	P Near	 0000	  Length= 0000 External C
delay  . . . . . . . . . . . . .	P Near	 0000	  Length= 0000 External C
drawline . . . . . . . . . . . .	P Near	 0000	  Length= 0000 External C
getchar  . . . . . . . . . . . .	P Near	 0000	  Length= 0000 External C
getche . . . . . . . . . . . . .	P Near	 0000	  Length= 0000 External C
getch  . . . . . . . . . . . . .	P Near	 0000	  Length= 0000 External C
gets . . . . . . . . . . . . . .	P Near	 0000	  Length= 0000 External C
gotoxy . . . . . . . . . . . . .	P Near	 0000	  Length= 0000 External C
highvideo  . . . . . . . . . . .	P Near	 0000	  Length= 0000 External C
insline  . . . . . . . . . . . .	P Near	 0000	  Length= 0000 External C
isalnum  . . . . . . . . . . . .	P Near	 0000	  Length= 0000 External C
isalpha  . . . . . . . . . . . .	P Near	 0000	  Length= 0000 External C
iscntrl  . . . . . . . . . . . .	P Near	 0000	  Length= 0000 External C
isdigit  . . . . . . . . . . . .	P Near	 0000	  Length= 0000 External C
isgraph  . . . . . . . . . . . .	P Near	 0000	  Length= 0000 External C
islower  . . . . . . . . . . . .	P Near	 0000	  Length= 0000 External C
isprint  . . . . . . . . . . . .	P Near	 0000	  Length= 0000 External C
ispunct  . . . . . . . . . . . .	P Near	 0000	  Length= 0000 External C
isspace  . . . . . . . . . . . .	P Near	 0000	  Length= 0000 External C
isupper  . . . . . . . . . . . .	P Near	 0000	  Length= 0000 External C
isxdigit . . . . . . . . . . . .	P Near	 0000	  Length= 0000 External C
kbhit  . . . . . . . . . . . . .	P Near	 0000	  Length= 0000 External C
lowvideo . . . . . . . . . . . .	P Near	 0000	  Length= 0000 External C
memchr . . . . . . . . . . . . .	P Near	 0000	  Length= 0000 External C
memcmp . . . . . . . . . . . . .	P Near	 0000	  Length= 0000 External C
memcpy . . . . . . . . . . . . .	P Near	 0000	  Length= 0000 External C
memmove  . . . . . . . . . . . .	P Near	 0000	  Length= 0000 External C
memset . . . . . . . . . . . . .	P Near	 0000	  Length= 0000 External C
newline  . . . . . . . . . . . .	P Near	 0000	  Length= 0000 External C
printf . . . . . . . . . . . . .	P Near	 0000	  Length= 0000 External C
putchar  . . . . . . . . . . . .	P Near	 0000	  Length= 0000 External C
putch  . . . . . . . . . . . . .	P Near	 0000	  Length= 0000 External C
puts . . . . . . . . . . . . . .	P Near	 0000	  Length= 0000 External C
scanf  . . . . . . . . . . . . .	P Near	 0000	  Length= 0000 External C
setcursortype  . . . . . . . . .	P Near	 0000	  Length= 0000 External C
start  . . . . . . . . . . . . .	P Near	 0000	  _TEXT	Length= 0016 Public C
strcat . . . . . . . . . . . . .	P Near	 0000	  Length= 0000 External C
strchr . . . . . . . . . . . . .	P Near	 0000	  Length= 0000 External C
strcmp . . . . . . . . . . . . .	P Near	 0000	  Length= 0000 External C
strcoll  . . . . . . . . . . . .	P Near	 0000	  Length= 0000 External C
strcpy . . . . . . . . . . . . .	P Near	 0000	  Length= 0000 External C
strcspn  . . . . . . . . . . . .	P Near	 0000	  Length= 0000 External C
strlen . . . . . . . . . . . . .	P Near	 0000	  Length= 0000 External C
strncat  . . . . . . . . . . . .	P Near	 0000	  Length= 0000 External C
strncmp  . . . . . . . . . . . .	P Near	 0000	  Length= 0000 External C
strncpy  . . . . . . . . . . . .	P Near	 0000	  Length= 0000 External C
strpbrk  . . . . . . . . . . . .	P Near	 0000	  Length= 0000 External C
strrchr  . . . . . . . . . . . .	P Near	 0000	  Length= 0000 External C
strspn . . . . . . . . . . . . .	P Near	 0000	  Length= 0000 External C
strstr . . . . . . . . . . . . .	P Near	 0000	  Length= 0000 External C
strtok . . . . . . . . . . . . .	P Near	 0000	  Length= 0000 External C
strxfrm  . . . . . . . . . . . .	P Near	 0000	  Length= 0000 External C
tArg . . . . . . . . . . . . . .	P Near	 0000	  Length= 0000 External C
textbackground . . . . . . . . .	P Near	 0000	  Length= 0000 External C
textcolor  . . . . . . . . . . .	P Near	 0000	  Length= 0000 External C
tolower  . . . . . . . . . . . .	P Near	 0000	  Length= 0000 External C
toupper  . . . . . . . . . . . .	P Near	 0000	  Length= 0000 External C
ungetch  . . . . . . . . . . . .	P Near	 0000	  Length= 0000 External C
wherex . . . . . . . . . . . . .	P Near	 0000	  Length= 0000 External C
wherey . . . . . . . . . . . . .	P Near	 0000	  Length= 0000 External C


Symbols:

                N a m e                 Type     Value    Attr

@CodeSize  . . . . . . . . . . .	Number	 0000h	 
@DataSize  . . . . . . . . . . .	Number	 0000h	 
@Interface . . . . . . . . . . .	Number	 0001h	 
@Model . . . . . . . . . . . . .	Number	 0001h	 
@code  . . . . . . . . . . . . .	Text   	 DGROUP
@data  . . . . . . . . . . . . .	Text   	 DGROUP
@fardata?  . . . . . . . . . . .	Text   	 FAR_BSS
@fardata . . . . . . . . . . . .	Text   	 FAR_DATA
@stack . . . . . . . . . . . . .	Text   	 DGROUP
BootDrive  . . . . . . . . . . .	Byte	 0000	  _DATA	
_ASSERT_ . . . . . . . . . . . .	Text   	 1
_CONIO_  . . . . . . . . . . . .	Text   	 1
_CTYPE_  . . . . . . . . . . . .	Text   	 1
_STDBOOL_  . . . . . . . . . . .	Text   	 1
_STDIO_  . . . . . . . . . . . .	Text   	 1
_STRING_ . . . . . . . . . . . .	Text   	 1
false  . . . . . . . . . . . . .	Text   	 0
true . . . . . . . . . . . . . .	Text   	 1

	   0 Warnings
	   0 Errors
