Microsoft (R) Macro Assembler Version 6.15.8803		    09/07/17 22:04:37
source\bios.asm						     Page 1 - 1


				; ------------------------------------------------------------------
				.model tiny, c							; Small memoy model
				.386								; 80386 CPU
 0000				.code								; Start of code segment
				; ------------------------------------------------------------------

 0000				_acrtused PROC
 0000				_acrtused ENDP

				; ------------------------------------------------------------------
				; void setpage(int page)
				; ------------------------------------------------------------------
				; This function sets the active page number.

 0000				setpage PROC
 0000  55			    push bp							; Save BP on stack
 0001  8B EC			    mov bp, sp							; Set BP to SP

 0003  8A 46 04			    mov  al, [bp + 4]						; Select display page
 0006  B4 05			    mov  ah, 05h						; Select active display page
 0008  CD 10			    int  10h

 000A  8B E5			    mov sp, bp							; Restore stack pointer
 000C  5D			    pop bp							; Restore BP register
 000D  C3			    ret
 000E				setpage ENDP

				END
Microsoft (R) Macro Assembler Version 6.15.8803		    09/07/17 22:04:37
source\bios.asm						     Symbols 2 - 1




Segments and Groups:

                N a m e                 Size     Length   Align   Combine Class

DGROUP . . . . . . . . . . . . .	GROUP
_TEXT  . . . . . . . . . . . . .	16 Bit	 000E	  Word	  Public  'CODE'	
_DATA  . . . . . . . . . . . . .	16 Bit	 0000	  Word	  Public  'DATA'	


Procedures,  parameters and locals:

                N a m e                 Type     Value    Attr

_acrtused  . . . . . . . . . . .	P Near	 0000	  _TEXT	Length= 0000 Public C
setpage  . . . . . . . . . . . .	P Near	 0000	  _TEXT	Length= 000E Public C


Symbols:

                N a m e                 Type     Value    Attr

@CodeSize  . . . . . . . . . . .	Number	 0000h	 
@DataSize  . . . . . . . . . . .	Number	 0000h	 
@Interface . . . . . . . . . . .	Number	 0001h	 
@Model . . . . . . . . . . . . .	Number	 0001h	 
@code  . . . . . . . . . . . . .	Text   	 DGROUP
@data  . . . . . . . . . . . . .	Text   	 DGROUP
@fardata?  . . . . . . . . . . .	Text   	 FAR_BSS
@fardata . . . . . . . . . . . .	Text   	 FAR_DATA
@stack . . . . . . . . . . . . .	Text   	 DGROUP

	   0 Warnings
	   0 Errors
